==== 劳雷AI数据处理 [诊断版 1.0.63] ====
本终端只显示 DZX 处理信息。
复制方法:①终端内鼠标选中文字 -> 按 回车 或 右键 复制;
          ②或直接用记事本打开下面的日志文件,Ctrl+C/Ctrl+A 正常复制:
          D:/gpr_software/debug/dzx_diag.log
请打开带 DZX 的 DZT 文件,下方会打印该文件的处理步骤,再与 RADAN 逐项对照。
=====================================
========== DZX 处理诊断 ==========
DZX 文件: D:/gpr_software/test_input_raw_files/测试样本/测试样本/DZXDEMO/DZXDEMO__002.DZX
DZT 道数: 394   每道采样: 512   记录长度: 105.263 ns   signalPos: -5.263
找到 7 个处理步骤:
[1] typeId=99 (DC去除)   blob=16 字节   [已实现-将应用]
     -> DC去除 窗口/前N样本 win = 2
     hex: 18 00 01 00 00 02 10 00 63 00 02 00 00 00 00 00
[2] typeId=77 (时间零点)   blob=44 字节   [已实现-将应用]
     -> 时间零点 shiftNs = -5.263 ns   对应采样点 = -26
     hex: 2c 00 01 00 00 02 24 00 4d 02 ca 6b a8 c0 00 00 
      00 00 00 00 00 00 bd 86 d2 42 00 00 00 00 00 00 
      00 00 00 00 00 00 00 00 00 00 00 00
[3] typeId=59 (增益)   blob=15 字节   [已实现-将应用]
     -> 增益 npts = 3   gainDb(dB) = [ 50.000 ]
     hex: 96 00 01 00 00 02 8e 00 3b 03 00 00 00 48 42
[4] typeId=4 (IIR滤波)   blob=27 字节   [未实现-跳过!]
     hex: 48 00 01 00 00 02 40 00 04 08 00 00 00 00 03 08 
      00 00 00 00 00 00 00 00 00 00 00
[5] typeId=64 (FIR低通)   blob=27 字节   [未实现-跳过!]
     hex: 48 00 01 00 00 02 40 00 40 00 00 00 00 3f 00 00 
      00 00 00 00 00 00 00 00 00 00 00
[6] typeId=14 (背景去除)   blob=27 字节   [未实现-跳过!]
     hex: 48 00 01 00 00 02 40 00 0e 00 00 00 80 41 00 00 
      00 00 00 00 00 00 00 00 00 00 00
[7] typeId=67 (叠加2)   blob=27 字节   [未实现-跳过!]
     hex: 48 00 01 00 00 02 40 00 43 00 00 a8 41 00 00 00 
      00 00 00 00 00 00 00 00 00 00 00
==================================
